Application bundle generation failed. [18.323 seconds] - 2026-03-27T22:14:20.337Z

node.exe : 
[1m[33m[33mÔû▓ [43
;33m[[43;30mWARNING[
43;33m][0m 
[1mIgnoring this 
import because "node_m
odules/tslib/tslib.es6
.mjs" was marked as 
having no side 
effects[0m 
[ignored-bare-import]
At C:\Program Files\no
dejs\npx.ps1:29 char:3
+   & $NODE_EXE 
$NPX_CLI_JS $args
+   ~~~~~~~~~~~~~~~~~~
~~~~~~~~~~~
    + CategoryInfo    
          : NotSpeci  
  fied: ([1m[33m   
 [33mÔ...ed-bare-i    
mport]:String) []    
, RemoteException
    + FullyQualifiedE 
   rrorId : NativeCo  
  mmandError
 

    src/app/services/p
rinting.service.ts:3:7
:
[37m      3 Ôöé 
import 
[32m'tslib'[37m;
        ÔòÁ        
[32m~~~~~~~[0m

  "sideEffects" is 
false in the 
enclosing 
"package.json" file:

    node_modules/tslib
/package.json:28:4:
[37m      28 Ôöé     
[32m"sideEffects"[37
m: false,
         ÔòÁ     
[32m~~~~~~~~~~~~~[0m

[39m[22m
[1m[31m[31mX [41;3
1m[[41;97mERROR[41;3
1m][0m [1mTS2739: 
Type '{ id: number; 
usuario_apertura: 
string; 
usuario_cierre: 
string; 
fecha_apertura: 
string; fecha_cierre: 
string; 
monto_inicial: 
number; 
ventas_efectivo: 
number; 
ventas_tarjeta: 
number; 
total_entradas: 
number; ... 5 more 
...; arqueo: { ...; 
}; }' is missing the 
following properties 
from type 
'DatosCierreTicket': 
ventas_credito, 
ventas_mixto[0m 
[1m[35m[plugin 
angular-compiler][0m

    src/app/pages/caja
/cierre/cierre-caja.co
mponent.ts:245:6:
[37m      245 Ôöé    
   [32mthis.datosCier
reTicket[37m = {
          ÔòÁ       [
32m~~~~~~~~~~~~~~~~~~~
~~~[0m

[39m[22m
